2026-09-08 10:09:35,991 [INFO] ===================================================================
2026-09-08 10:09:35,991 [INFO] 📊 ACE Saturday YouTube Analytics & Strategy Engine Starting [2026-09-08 10:09:35]
2026-09-08 10:09:35,991 [INFO] ===================================================================
2026-09-08 10:09:36,184 [INFO] file_cache is only supported with oauth2client<4.0.0
2026-09-08 10:09:36,419 [INFO] Connected to YouTube API: Breaking Into Cybersecurity (Subs: 2030, Lifetime Views: 72389)
2026-09-08 10:09:36,419 [INFO] Refreshing dashboards with Saturday Snapshot (Sep 08, 2026)...
2026-09-08 10:09:36,422 [INFO] Updating YOUTUBE_OPTIMIZATION_DASHBOARD.md with latest telemetry...
2026-09-08 10:09:36,445 [INFO] Markdown dashboard synchronized successfully.
2026-09-08 10:09:36,451 [INFO] HTML dashboard synchronized successfully.
2026-09-08 10:09:36,452 [INFO] 🎯 Week-Ahead Tactical Action Items Computed:
2026-09-08 10:09:36,452 [INFO]   1. Retention Hook Fix: Deploy 5s teaser cold-open on top search assets (SOC Analyst Mock Interview).
2026-09-08 10:09:36,452 [INFO]   2. Engagement Velocity: Pin debate prompt on top 10 traffic assets to trigger comment activity.
2026-09-08 10:09:36,452 [INFO]   3. Shorts Extraction: Slice 3 vertical clips from Outlier Champion (#9) for weekly distribution.
2026-09-08 10:09:36,452 [INFO] ===================================================================
2026-09-08 10:09:36,452 [INFO] ✅ Saturday YouTube Analytics & Strategy Synchronization Complete.
2026-09-08 10:10:39,021 [INFO] ===================================================================
2026-09-08 10:10:39,023 [INFO] 📊 ACE Saturday YouTube Analytics & Strategy Engine Starting [2026-09-08 10:10:39]
2026-09-08 10:10:39,023 [INFO] ===================================================================
2026-09-08 10:10:39,033 [INFO] file_cache is only supported with oauth2client<4.0.0
2026-09-08 10:10:39,256 [INFO] Connected to YouTube API: Breaking Into Cybersecurity (Subs: 2030, Lifetime Views: 72389)
2026-09-08 10:10:39,256 [INFO] Refreshing dashboards with Saturday Snapshot (Sep 08, 2026)...
2026-09-08 10:10:39,263 [INFO] Updating YOUTUBE_OPTIMIZATION_DASHBOARD.md with latest telemetry...
2026-09-08 10:10:39,270 [INFO] Markdown dashboard synchronized successfully.
2026-09-08 10:10:39,280 [INFO] HTML dashboard synchronized successfully.
2026-09-08 10:10:39,280 [INFO] 🎯 Week-Ahead Tactical Action Items Computed:
2026-09-08 10:10:39,280 [INFO]   1. Retention Hook Fix: Deploy 5s teaser cold-open on top search assets (SOC Analyst Mock Interview).
2026-09-08 10:10:39,280 [INFO]   2. Engagement Velocity: Pin debate prompt on top 10 traffic assets to trigger comment activity.
2026-09-08 10:10:39,280 [INFO]   3. Shorts Extraction: Slice 3 vertical clips from Outlier Champion (#9) for weekly distribution.
2026-09-08 10:10:39,280 [INFO] ===================================================================
2026-09-08 10:10:39,280 [INFO] ✅ Saturday YouTube Analytics & Strategy Synchronization Complete.
2026-09-19 08:27:15,280 [INFO] ===================================================================
2026-09-19 08:27:15,280 [INFO] 📊 ACE Saturday YouTube Analytics & Strategy Engine Starting [2026-09-19 08:27:15]
2026-09-19 08:27:15,281 [INFO] ===================================================================
2026-09-19 08:27:15,281 [ERROR] Token file /definitely/missing/youtube-token.json not found. Live telemetry is blocked; dashboards will not be changed.
2026-09-19 08:27:15,281 [ERROR] Saturday analytics run is blocked because live YouTube telemetry is unavailable.
2026-09-19 08:42:00,625 [INFO] ===================================================================
2026-09-19 08:42:00,625 [INFO] 📊 ACE Saturday YouTube Analytics & Strategy Engine Starting [2026-09-19 08:42:00]
2026-09-19 08:42:00,625 [INFO] ===================================================================
2026-09-19 08:42:00,631 [INFO] file_cache is only supported with oauth2client<4.0.0
2026-09-19 08:42:01,644 [INFO] Connected to YouTube API: Breaking Into Cybersecurity (Subs: 2030, Lifetime Views: 72606)
2026-09-19 08:42:01,644 [INFO] Refreshing dashboards with Saturday Snapshot (Sep 19, 2026)...
2026-09-19 08:42:01,646 [INFO] Updating YOUTUBE_OPTIMIZATION_DASHBOARD.md with latest telemetry...
2026-09-19 08:42:01,646 [ERROR] Error updating markdown dashboard: cannot access local variable 're' where it is not associated with a value
2026-09-19 08:42:01,647 [ERROR] Error updating HTML dashboard: cannot access local variable 're' where it is not associated with a value
2026-09-19 08:42:01,647 [INFO] 🎯 Live weekly telemetry:
2026-09-19 08:42:01,647 [INFO]   Views=76; watch=00:27:00; avg_duration=00:00:43; net_subscribers=+1
2026-09-19 08:42:01,648 [INFO]   Engagement: likes=0; comments=0; shares=0; active_videos=62
2026-09-19 08:42:01,648 [INFO] ===================================================================
2026-09-19 08:42:01,648 [INFO] ✅ Saturday YouTube Analytics & Strategy Synchronization Complete.
2026-09-19 08:42:25,141 [INFO] ===================================================================
2026-09-19 08:42:25,142 [INFO] 📊 ACE Saturday YouTube Analytics & Strategy Engine Starting [2026-09-19 08:42:25]
2026-09-19 08:42:25,142 [INFO] ===================================================================
2026-09-19 08:42:25,147 [INFO] file_cache is only supported with oauth2client<4.0.0
2026-09-19 08:42:26,070 [INFO] Connected to YouTube API: Breaking Into Cybersecurity (Subs: 2030, Lifetime Views: 72606)
2026-09-19 08:42:26,070 [INFO] Refreshing dashboards with Saturday Snapshot (Sep 19, 2026)...
2026-09-19 08:42:26,073 [INFO] Updating YOUTUBE_OPTIMIZATION_DASHBOARD.md with latest telemetry...
2026-09-19 08:42:26,075 [INFO] Markdown dashboard synchronized successfully.
2026-09-19 08:42:26,078 [INFO] HTML dashboard synchronized successfully.
2026-09-19 08:42:26,078 [INFO] 🎯 Live weekly telemetry:
2026-09-19 08:42:26,078 [INFO]   Views=76; watch=00:27:00; avg_duration=00:00:43; net_subscribers=+1
2026-09-19 08:42:26,078 [INFO]   Engagement: likes=0; comments=0; shares=0; active_videos=62
2026-09-19 08:42:26,078 [INFO] ===================================================================
2026-09-19 08:42:26,078 [INFO] ✅ Saturday YouTube Analytics & Strategy Synchronization Complete.
2026-09-19 08:43:09,254 [INFO] ===================================================================
2026-09-19 08:43:09,254 [INFO] 📊 ACE Saturday YouTube Analytics & Strategy Engine Starting [2026-09-19 08:43:09]
2026-09-19 08:43:09,254 [INFO] ===================================================================
2026-09-19 08:43:09,258 [INFO] file_cache is only supported with oauth2client<4.0.0
2026-09-19 08:43:10,168 [INFO] Connected to YouTube API: Breaking Into Cybersecurity (Subs: 2030, Lifetime Views: 72606)
2026-09-19 08:43:10,168 [INFO] Refreshing dashboards with Saturday Snapshot (Sep 19, 2026)...
2026-09-19 08:43:10,170 [INFO] Updating YOUTUBE_OPTIMIZATION_DASHBOARD.md with latest telemetry...
2026-09-19 08:43:10,172 [INFO] Markdown dashboard synchronized successfully.
2026-09-19 08:43:10,175 [INFO] HTML dashboard synchronized successfully.
2026-09-19 08:43:10,175 [INFO] 🎯 Live weekly telemetry:
2026-09-19 08:43:10,175 [INFO]   Views=76; watch=00:27:00; avg_duration=00:00:43; net_subscribers=+1
2026-09-19 08:43:10,175 [INFO]   Engagement: likes=0; comments=0; shares=0; active_videos=62
2026-09-19 08:43:10,175 [INFO] ===================================================================
2026-09-19 08:43:10,175 [INFO] ✅ Saturday YouTube Analytics & Strategy Synchronization Complete.
2026-09-19 08:43:38,388 [INFO] ===================================================================
2026-09-19 08:43:38,389 [INFO] 📊 ACE Saturday YouTube Analytics & Strategy Engine Starting [2026-09-19 08:43:38]
2026-09-19 08:43:38,389 [INFO] ===================================================================
2026-09-19 08:43:38,393 [INFO] file_cache is only supported with oauth2client<4.0.0
2026-09-19 08:43:39,197 [INFO] Connected to YouTube API: Breaking Into Cybersecurity (Subs: 2030, Lifetime Views: 72606)
2026-09-19 08:43:39,197 [INFO] Refreshing dashboards with Saturday Snapshot (Sep 19, 2026)...
2026-09-19 08:43:39,198 [INFO] Updating YOUTUBE_OPTIMIZATION_DASHBOARD.md with latest telemetry...
2026-09-19 08:43:39,201 [INFO] Markdown dashboard synchronized successfully.
2026-09-19 08:43:39,205 [INFO] HTML dashboard synchronized successfully.
2026-09-19 08:43:39,206 [INFO] 🎯 Live weekly telemetry:
2026-09-19 08:43:39,206 [INFO]   Views=76; watch=00:27:00; avg_duration=00:00:43; net_subscribers=+1
2026-09-19 08:43:39,206 [INFO]   Engagement: likes=0; comments=0; shares=0; active_videos=62
2026-09-19 08:43:39,206 [INFO] ===================================================================
2026-09-19 08:43:39,206 [INFO] ✅ Saturday YouTube Analytics & Strategy Synchronization Complete.
2026-09-19 08:43:46,380 [INFO] ===================================================================
2026-09-19 08:43:46,381 [INFO] 📊 ACE Saturday YouTube Analytics & Strategy Engine Starting [2026-09-19 08:43:46]
2026-09-19 08:43:46,381 [INFO] ===================================================================
2026-09-19 08:43:46,384 [INFO] file_cache is only supported with oauth2client<4.0.0
2026-09-19 08:43:47,296 [INFO] Connected to YouTube API: Breaking Into Cybersecurity (Subs: 2030, Lifetime Views: 72606)
2026-09-19 08:43:47,297 [INFO] Refreshing dashboards with Saturday Snapshot (Sep 19, 2026)...
2026-09-19 08:43:47,298 [INFO] Updating YOUTUBE_OPTIMIZATION_DASHBOARD.md with latest telemetry...
2026-09-19 08:43:47,301 [INFO] Markdown dashboard synchronized successfully.
2026-09-19 08:43:47,304 [INFO] HTML dashboard synchronized successfully.
2026-09-19 08:43:47,304 [INFO] 🎯 Live weekly telemetry:
2026-09-19 08:43:47,304 [INFO]   Views=76; watch=00:27:00; avg_duration=00:00:43; net_subscribers=+1
2026-09-19 08:43:47,304 [INFO]   Engagement: likes=0; comments=0; shares=0; active_videos=62
2026-09-19 08:43:47,304 [INFO] ===================================================================
2026-09-19 08:43:47,304 [INFO] ✅ Saturday YouTube Analytics & Strategy Synchronization Complete.
2026-09-19 08:43:58,746 [INFO] ===================================================================
2026-09-19 08:43:58,747 [INFO] 📊 ACE Saturday YouTube Analytics & Strategy Engine Starting [2026-09-19 08:43:58]
2026-09-19 08:43:58,747 [INFO] ===================================================================
2026-09-19 08:43:58,750 [INFO] file_cache is only supported with oauth2client<4.0.0
2026-09-19 08:43:59,597 [INFO] Connected to YouTube API: Breaking Into Cybersecurity (Subs: 2030, Lifetime Views: 72606)
2026-09-19 08:43:59,597 [INFO] Refreshing dashboards with Saturday Snapshot (Sep 19, 2026)...
2026-09-19 08:43:59,598 [INFO] Updating YOUTUBE_OPTIMIZATION_DASHBOARD.md with latest telemetry...
2026-09-19 08:43:59,601 [INFO] Markdown dashboard synchronized successfully.
2026-09-19 08:43:59,607 [INFO] HTML dashboard synchronized successfully.
2026-09-19 08:43:59,607 [INFO] 🎯 Live weekly telemetry:
2026-09-19 08:43:59,607 [INFO]   Views=76; watch=00:27:00; avg_duration=00:00:43; net_subscribers=+1
2026-09-19 08:43:59,607 [INFO]   Engagement: likes=0; comments=0; shares=0; active_videos=62
2026-09-19 08:43:59,607 [INFO] ===================================================================
2026-09-19 08:43:59,607 [INFO] ✅ Saturday YouTube Analytics & Strategy Synchronization Complete.
